
> frontend@0.0.0 build
> ng build

[33mÔØ»[39m Building...
[32mÔ£ö[39m Building...
Application bundle generation failed. [2.139 seconds] - 2026-04-02T19:43:23.110Z

node.exe : 
[1m[31m[31mX [41;31
m[[41;97mERROR[41;31m
][0m [1mTS2322: Type 
'"nuevo"' is not 
assignable to type 
'DashboardTab'.[0m 
[1m[35m[plugin 
angular-compiler][0m
En línea: 1 Carácter: 1
+ & "C:\Program 
Files\nodejs/node.exe" 
"C:\Program 
Files\nodejs/node_mo 
...
+ ~~~~~~~~~~~~~~~~~~~~~
~~~~~~~~~~~~~~~~~~~~~~~
~~~~~~~~~~~~~~~~~~~~~~~
~~
    + CategoryInfo     
         : NotSpecifi  
  ed: ([1m[31m[31   
 mX...r-compiler][    
0m:String) [], Rem    
oteException
    + FullyQualifiedEr 
   rorId : NativeComm  
  andError
 

    src/app/admin/conta
iners/admin-dashboard/a
dmin-dashboard.componen
t.ts:8:21:
[37m      8 Ôöé   { 
label: 'Nuevas', 
[32mvalue[37m: 
'nuevo' },
        ÔòÁ            
          
[32m~~~~~[0m

  The expected type 
comes from property 
'value' which is 
declared here on type 
'{ label: string; 
value: DashboardTab; }'

    src/app/admin/conta
iners/admin-dashboard/a
dmin-dashboard.componen
t.ts:6:45:
[37m      6 Ôöé ...t 
DASHBOARD_TABS: 
Array<{ label: string; 
[32mvalue[37m: 
DashboardTab }> = [
        ÔòÁ            
                       
          
[32m~~~~~[0m


[31mX [41;31m[[41;97
mERROR[41;31m][0m 
[1mTS2322: Type 
'"visto"' is not 
assignable to type 
'DashboardTab'.[0m 
[1m[35m[plugin 
angular-compiler][0m

    src/app/admin/conta
iners/admin-dashboard/a
dmin-dashboard.componen
t.ts:9:21:
[37m      9 Ôöé   { 
label: 'Vistas', 
[32mvalue[37m: 
'visto' },
        ÔòÁ            
          
[32m~~~~~[0m

  The expected type 
comes from property 
'value' which is 
declared here on type 
'{ label: string; 
value: DashboardTab; }'

    src/app/admin/conta
iners/admin-dashboard/a
dmin-dashboard.componen
t.ts:6:45:
[37m      6 Ôöé ...t 
DASHBOARD_TABS: 
Array<{ label: string; 
[32mvalue[37m: 
DashboardTab }> = [
        ÔòÁ            
                       
          
[32m~~~~~[0m


[31mX [41;31m[[41;97
mERROR[41;31m][0m 
[1mTS2322: Type 
'"respondido"' is not 
assignable to type 
'DashboardTab'.[0m 
[1m[35m[plugin 
angular-compiler][0m

    src/app/admin/conta
iners/admin-dashboard/a
dmin-dashboard.componen
t.ts:10:26:
[37m      10 Ôöé   { 
label: 'Respondidas', 
[32mvalue[37m: 
'respondido' },
         ÔòÁ           
                
[32m~~~~~[0m

  The expected type 
comes from property 
'value' which is 
declared here on type 
'{ label: string; 
value: DashboardTab; }'

    src/app/admin/conta
iners/admin-dashboard/a
dmin-dashboard.componen
t.ts:6:45:
[37m      6 Ôöé ...t 
DASHBOARD_TABS: 
Array<{ label: string; 
[32mvalue[37m: 
DashboardTab }> = [
        ÔòÁ            
                       
          
[32m~~~~~[0m


[31mX [41;31m[[41;97
mERROR[41;31m][0m 
[1mTS2322: Type 
'"cerrado"' is not 
assignable to type 
'DashboardTab'.[0m 
[1m[35m[plugin 
angular-compiler][0m

    src/app/admin/conta
iners/admin-dashboard/a
dmin-dashboard.componen
t.ts:11:23:
[37m      11 Ôöé   { 
label: 'Cerradas', 
[32mvalue[37m: 
'cerrado' }
         ÔòÁ           
             
[32m~~~~~[0m

  The expected type 
comes from property 
'value' which is 
declared here on type 
'{ label: string; 
value: DashboardTab; }'

    src/app/admin/conta
iners/admin-dashboard/a
dmin-dashboard.componen
t.ts:6:45:
[37m      6 Ôöé ...t 
DASHBOARD_TABS: 
Array<{ label: string; 
[32mvalue[37m: 
DashboardTab }> = [
        ÔòÁ            
                       
          
[32m~~~~~[0m

[39m[22m
